// Jest Snapshot v1, https://goo.gl/fbAQLP

exports[`Check if renders 1`] = `null`;
